Ok([(Ident("_"), "_")])
Ok([(Ident("a"), "a")])
Ok([(Keyword(As), "as")])
Ok([(Ident("asc"), "asc")])
Ok([(Literal(Bool(true)), "true"), (Literal(Bool(false)), "false"), (Ident("null"), "null")])
Ok([(Ident("a0__c_"), "a0__c_")])
Ok([(Ident("_9"), "_9"), (Ident("a0"), "a0")])
Err(LexicalError { loc: "0a", kind: InvalidNumberSuffix })
