Ok([(Lifetime("_"), "\'_")])
Ok([(Literal(CharLike { is_byte: false, ch: 'a' }), "\'a\'"), (Ident("a"), "a")])
Ok([(Lifetime("a"), "\'a"), (Lifetime("a"), "\'a")])
Ok([(Literal(CharLike { is_byte: false, ch: ' ' }), "\' \'"), (Lifetime("a"), "\'a")])
Err(LexicalError { loc: "\'  \'", kind: UnknowToken })
